Microchip MPLAB XC8 Compiler V2.10 ()

Linker command line:

-W-3 --edf=C:\Program Files (x86)\Microchip\xc8\v2.10\pic\dat\en_msgs.txt \
  -cs -h+dist/default/production\TrabalhoFinalV1.X.production.sym \
  --cmf=dist/default/production\TrabalhoFinalV1.X.production.cmf -z \
  -Q16F877A -oC:\Users\nancio\AppData\Local\Temp\sc18.2 \
  --defsym=__MPLAB_BUILD=1 \
  -Mdist/default/production/TrabalhoFinalV1.X.production.map -E1 -ver=XC8 \
  --acfsm=1493 -ASTACK=055h-06Fh -pstack=STACK -ACODE=00h-07FFhx4 \
  -ASTRCODE=00h-01FFFh -ASTRING=00h-0FFhx32 -ACONST=00h-0FFhx32 \
  -AENTRY=00h-0FFhx32 -ACOMMON=070h-07Fh -ABANK0=020h-06Fh \
  -ABANK1=0A0h-0EFh -ABANK2=0110h-016Fh -ABANK3=0190h-01EFh \
  -ARAM=020h-06Fh,0A0h-0EFh,0110h-016Fh,0190h-01EFh \
  -AABS1=020h-07Fh,0A0h-0EFh,0110h-016Fh,0190h-01EFh -ASFR0=00h-01Fh \
  -ASFR1=080h-09Fh -ASFR2=0100h-010Fh -ASFR3=0180h-018Fh \
  -preset_vec=00h,intentry=04h,init,end_init -ppowerup=CODE -pcinit=CODE \
  -pfunctab=ENTRY -ACONFIG=02007h-02007h -pconfig=CONFIG -DCONFIG=2 \
  -AIDLOC=02000h-02003h -pidloc=IDLOC -DIDLOC=2 -AEEDATA=00h-0FFh/02100h \
  -peeprom_data=EEDATA -DEEDATA=2 -DCODE=2 -DSTRCODE=2 -DSTRING=2 -DCONST=2 \
  -DENTRY=2 -k C:\Users\nancio\AppData\Local\Temp\sc18.o \
  dist/default/production\TrabalhoFinalV1.X.production.o 

Object code version is 3.11

Machine type is 16F877A



                Name                               Link     Load   Length Selector   Space Scale
C:\Users\nancio\AppData\Local\Temp\sc18.o
                end_init                             12       12        3        8       0
                reset_vec                             0        0        3        0       0
                config                             2007     2007        1     400E       0
dist/default/production\TrabalhoFinalV1.X.production.o
                cinit                                15       15       3C        8       0
                intentry                              4        4        E        8       0
                text50                             1161     1161       67     22C2       0
                text49                             1CFE     1CFE       2B     39FC       0
                text48                             1C0A     1C0A        C     3814       0
                text47                             1F1F     1F1F       42     3E3E       0
                text46                             1004     1004       44     2008       0
                text45                             1E6B     1E6B       3A     3CD6       0
                text44                              951      951       F5     12A2       0
                text43                             1D29     1D29       32     3A52       0
                text42                             142F     142F       A1     285E       0
                text41                             1BE5     1BE5        9     37CA       0
                text40                             1D5B     1D5B       34     3AB6       0
                text39                             1C44     1C44       17     3888       0
                text38                              5D4      5D4      1DD        8       0
                text37                             1DC4     1DC4       37     3B88       0
                text36                               51       51      583        8       0
                text35                             12B5     12B5       7C     256A       0
                text34                             1581     1581       BC     2B02       0
                text33                             11C8     11C8       75     2390       0
                text32                             1EE1     1EE1       3E     3DC2       0
                text31                             123D     123D       78     247A       0
                text30                             1FB0     1FB0       50     3F60       0
                text29                             1F61     1F61       4F     3EC2       0
                text28                             14D0     14D0       B1     29A0       0
                text27                              7B1      7B1       4F        8       0
                text26                             1BCF     1BCF        6     379E       0
                text25                             1715     1715       EB     2E2A       0
                text24                             1C23     1C23        E     3846       0
                text23                             10FD     10FD       64     21FA       0
                text22                             109E     109E       5F     213C       0
                text21                             1EA5     1EA5       3C     3D4A       0
                text20                              A46      A46      107     148C       0
                text19                             1048     1048       56     2090       0
                text18                             1E32     1E32       39     3C64       0
                text17                             13AE     13AE       81     275C       0
                text16                             163D     163D       D8     2C7A       0
                text15                             1C5B     1C5B       1C     38B6       0
                text14                             1C16     1C16        D     382C       0
                text13                             1BEE     1BEE        9     37DC       0
                text12                             1BF7     1BF7        9     37EE       0
                text11                             1CB4     1CB4       25     3968       0
                text10                             1C00     1C00        A     3800       0
                text9                               901      901       50     1202       0
                text8                              1BD5     1BD5        8     37AA       0
                text7                              1D8F     1D8F       35     3B1E       0
                text6                              1C95     1C95       1F     392A       0
                text5                              1DFB     1DFB       37     3BF6       0
                text4                               B4D      B4D      116     169A       0
                text3                               C63      C63      11E     18C6       0
                text2                              1CD9     1CD9       25     39B2       0
                text1                              1331     1331       7D     2662       0
                maintext                            D81      D81      27F     1B02       0
                cstackBANK0                          20       20       1F       20       1
                cstackCOMMON                         70       70        E       70       1
                cstackBANK1                          A0       A0       4E       A0       1
                cstackBANK2                         160      160        F      110       1
                cstackBANK3                         190      190       35      190       1
                clrtext                            1BDD     1BDD        8     37BA       0
                inittext                           1C31     1C31       13     3862       0
                bssBANK2                            110      110       50      110       1
                dataBANK3                           1C5      1C5       1E      190       1
                bssBANK3                            1E3      1E3        4      190       1
                bssBANK1                             EE       EE        2       A0       1
                dataBANK0                            51       51        4       20       1
                bssBANK0                             3F       3F       12       20       1
                strings                             800      800       FE     1000       0
                idataBANK3                         1C77     1C77       1E     38EE       0
                idataBANK0                         1000     1000        4     1B02       0

TOTAL           Name                               Link     Load   Length     Space
        CLASS   STACK          

        CLASS   CODE           
                end_init                             12       12        3         0
                cinit                                15       15       3C         0
                intentry                              4        4        E         0
                reset_vec                             0        0        3         0
                text50                             1161     1161       67         0
                text49                             1CFE     1CFE       2B         0
                text48                             1C0A     1C0A        C         0
                text47                             1F1F     1F1F       42         0
                text46                             1004     1004       44         0
                text45                             1E6B     1E6B       3A         0
                text44                              951      951       F5         0
                text43                             1D29     1D29       32         0
                text42                             142F     142F       A1         0
                text41                             1BE5     1BE5        9         0
                text40                             1D5B     1D5B       34         0
                text39                             1C44     1C44       17         0
                text38                              5D4      5D4      1DD         0
                text37                             1DC4     1DC4       37         0
                text36                               51       51      583         0
                text35                             12B5     12B5       7C         0
                text34                             1581     1581       BC         0
                text33                             11C8     11C8       75         0
                text32                             1EE1     1EE1       3E         0
                text31                             123D     123D       78         0
                text30                             1FB0     1FB0       50         0
                text29                             1F61     1F61       4F         0
                text28                             14D0     14D0       B1         0
                text27                              7B1      7B1       4F         0
                text26                             1BCF     1BCF        6         0
                text25                             1715     1715       EB         0
                text24                             1C23     1C23        E         0
                text23                             10FD     10FD       64         0
                text22                             109E     109E       5F         0
                text21                             1EA5     1EA5       3C         0
                text20                              A46      A46      107         0
                text19                             1048     1048       56         0
                text18                             1E32     1E32       39         0
                text17                             13AE     13AE       81         0
                text16                             163D     163D       D8         0
                text15                             1C5B     1C5B       1C         0
                text14                             1C16     1C16        D         0
                text13                             1BEE     1BEE        9         0
                text12                             1BF7     1BF7        9         0
                text11                             1CB4     1CB4       25         0
                text10                             1C00     1C00        A         0
                text9                               901      901       50         0
                text8                              1BD5     1BD5        8         0
                text7                              1D8F     1D8F       35         0
                text6                              1C95     1C95       1F         0
                text5                              1DFB     1DFB       37         0
                text4                               B4D      B4D      116         0
                text3                               C63      C63      11E         0
                text2                              1CD9     1CD9       25         0
                text1                              1331     1331       7D         0
                maintext                            D81      D81      27F         0
                clrtext                            1BDD     1BDD        8         0
                inittext                           1C31     1C31       13         0
                idataBANK3                         1C77     1C77       1E         0
                idataBANK0                         1000     1000        4         0

        CLASS   STRCODE        

        CLASS   STRING         
                strings                             800      800       FE         0

        CLASS   CONST          

        CLASS   ENTRY          

        CLASS   COMMON         
                cstackCOMMON                         70       70        E         1

        CLASS   BANK0          
                cstackBANK0                          20       20       1F         1
                dataBANK0                            51       51        4         1
                bssBANK0                             3F       3F       12         1

        CLASS   BANK1          
                cstackBANK1                          A0       A0       4E         1
                bssBANK1                             EE       EE        2         1

        CLASS   BANK2          
                cstackBANK2                         160      160        F         1
                bssBANK2                            110      110       50         1

        CLASS   BANK3          
                cstackBANK3                         190      190       35         1
                dataBANK3                           1C5      1C5       1E         1
                bssBANK3                            1E3      1E3        4         1

        CLASS   RAM            

        CLASS   ABS1           
                abs_s1                               7E       7E        2         1

        CLASS   SFR0           

        CLASS   SFR1           

        CLASS   SFR2           

        CLASS   SFR3           

        CLASS   CONFIG         
                config                             2007     2007        1         0

        CLASS   IDLOC          

        CLASS   EEDATA         



SEGMENTS        Name                           Load    Length   Top    Selector   Space  Class     Delta

                reset_vec                      000000  000003  000003         0       0  CODE        2
                intentry                       000004  0007FC  000800         8       0  CODE        2
                cstackBANK0                    000020  000035  000055        20       1  BANK0       1
                cstackCOMMON                   000070  00000E  00007E        70       1  COMMON      1
                cstackBANK1                    0000A0  000050  0000F0        A0       1  BANK1       1
                bssBANK2                       000110  00005F  00016F       110       1  BANK2       1
                cstackBANK3                    000190  000057  0001E7       190       1  BANK3       1
                strings                        000800  0000FE  0008FE      1000       0  STRING      2
                text9                          000901  000050  000951      1202       0  CODE        2
                text44                         000951  0000F5  000A46      12A2       0  CODE        2
                text20                         000A46  000107  000B4D      148C       0  CODE        2
                text4                          000B4D  000116  000C63      169A       0  CODE        2
                text3                          000C63  00011E  000D81      18C6       0  CODE        2
                maintext                       000D81  000283  001004      1B02       0  CODE        2
                text46                         001004  000044  001048      2008       0  CODE        2
                text19                         001048  000056  00109E      2090       0  CODE        2
                text22                         00109E  00005F  0010FD      213C       0  CODE        2
                text23                         0010FD  000064  001161      21FA       0  CODE        2
                text50                         001161  000067  0011C8      22C2       0  CODE        2
                text33                         0011C8  000075  00123D      2390       0  CODE        2
                text31                         00123D  000078  0012B5      247A       0  CODE        2
                text35                         0012B5  00007C  001331      256A       0  CODE        2
                text1                          001331  00007D  0013AE      2662       0  CODE        2
                text17                         0013AE  000081  00142F      275C       0  CODE        2
                text42                         00142F  0000A1  0014D0      285E       0  CODE        2
                text28                         0014D0  0000B1  001581      29A0       0  CODE        2
                text34                         001581  0000BC  00163D      2B02       0  CODE        2
                text16                         00163D  0000D8  001715      2C7A       0  CODE        2
                text25                         001715  0000EB  001800      2E2A       0  CODE        2
                text26                         001BCF  000006  001BD5      379E       0  CODE        2
                text8                          001BD5  000008  001BDD      37AA       0  CODE        2
                clrtext                        001BDD  000008  001BE5      37BA       0  CODE        2
                text41                         001BE5  000009  001BEE      37CA       0  CODE        2
                text13                         001BEE  000009  001BF7      37DC       0  CODE        2
                text12                         001BF7  000009  001C00      37EE       0  CODE        2
                text10                         001C00  00000A  001C0A      3800       0  CODE        2
                text48                         001C0A  00000C  001C16      3814       0  CODE        2
                text14                         001C16  00000D  001C23      382C       0  CODE        2
                text24                         001C23  00000E  001C31      3846       0  CODE        2
                inittext                       001C31  000013  001C44      3862       0  CODE        2
                text39                         001C44  000017  001C5B      3888       0  CODE        2
                text15                         001C5B  00001C  001C77      38B6       0  CODE        2
                idataBANK3                     001C77  00001E  001C95      38EE       0  CODE        2
                text6                          001C95  00001F  001CB4      392A       0  CODE        2
                text11                         001CB4  000025  001CD9      3968       0  CODE        2
                text2                          001CD9  000025  001CFE      39B2       0  CODE        2
                text49                         001CFE  00002B  001D29      39FC       0  CODE        2
                text43                         001D29  000032  001D5B      3A52       0  CODE        2
                text40                         001D5B  000034  001D8F      3AB6       0  CODE        2
                text7                          001D8F  000035  001DC4      3B1E       0  CODE        2
                text37                         001DC4  000037  001DFB      3B88       0  CODE        2
                text5                          001DFB  000037  001E32      3BF6       0  CODE        2
                text18                         001E32  000039  001E6B      3C64       0  CODE        2
                text45                         001E6B  00003A  001EA5      3CD6       0  CODE        2
                text21                         001EA5  00003C  001EE1      3D4A       0  CODE        2
                text32                         001EE1  00003E  001F1F      3DC2       0  CODE        2
                text47                         001F1F  000042  001F61      3E3E       0  CODE        2
                text29                         001F61  00004F  001FB0      3EC2       0  CODE        2
                text30                         001FB0  000050  002000      3F60       0  CODE        2
                config                         002007  000001  002008      400E       0  CONFIG      2


UNUSED ADDRESS RANGES

        Name                Unused          Largest block    Delta
        BANK0            0055-006F             1B           1
        BANK2            016F-016F              1           1
        BANK3            01E7-01EF              9           1
        CODE             0003-0003              1           2
                         08FE-0900              3
                         1800-1BCE            3CF
        CONST            0003-0003              1           2
                         08FE-0900              2
                         1800-1BCE            100
        EEDATA           2100-21FF            100           2
        ENTRY            0003-0003              1           2
                         08FE-0900              2
                         1800-1BCE            100
        IDLOC            2000-2003              4           2
        RAM              0055-006F             1B           1
                         016F-016F              1
                         01E7-01EF              9
        SFR0             0000-001F             20           1
        SFR1             0080-009F             20           1
        SFR2             0100-010F             10           1
        SFR3             0180-018F             10           1
        STACK            0055-006F             1B           1
        STRCODE          0003-0003              1           2
                         08FE-0900              3
                         1800-1BCE            3CF
        STRING           0003-0003              1           2
                         08FE-0900              2
                         1800-1BCE            100

                                  Symbol Table

?_ADC_Read                   cstackBANK0  003B
?_Aquisicao_Dados            cstackBANK3  01A3
?__Umul8_16                  cstackBANK0  003B
?___aldiv                    cstackBANK1  00A0
?___awdiv                    cstackCOMMON 0070
?___fldiv                    cstackBANK1  00BC
?___flmul                    cstackBANK1  00D6
?___fltol                    cstackBANK1  00E3
?___lldiv                    cstackBANK1  00AC
?___lmul                     cstackBANK1  00A0
?___lwdiv                    cstackBANK0  003B
?___lwmod                    cstackBANK1  00A4
?___wmul                     cstackBANK0  003B
?___xxtofl                   cstackBANK1  00AE
?_get_humidade               cstackBANK1  00A1
?_get_temperatura            cstackBANK3  019D
?_read_from_MR               cstackBANK1  00CB
?_sprintf                    cstackBANK1  00AA
?_strlen                     cstackBANK0  003B
?i1___lwdiv                  cstackCOMMON 0070
?i1___lwmod                  cstackCOMMON 0078
?i1___wmul                   cstackCOMMON 0079
?i1_sprintf                  cstackBANK0  0020
ADC_Read@channel             cstackBANK1  00A0
Aquisicao_Dados@aqui         cstackBANK3  01AF
I2C_Read@ack                 cstackBANK0  003B
I2C_Write@data               cstackBANK0  003B
I2C_init@feq_K               cstackBANK1  00B9
PWM_Duty@duty                cstackBANK3  019D
UART_Init@baudrate           cstackBANK1  00AE
UART_Init@x                  cstackBANK0  003C
UART_Read_Text@Output        cstackBANK1  00A2
UART_Read_Text@i_462         cstackBANK1  00A3
UART_Read_Text@length        cstackBANK0  003B
UART_Write@data              cstackBANK0  003B
UART_Write_Decimal@Dec       cstackBANK1  00BE
UART_Write_Decimal@string    cstackBANK1  00C1
UART_Write_Text@i            cstackBANK1  00A3
UART_Write_Text@text         cstackBANK0  003C
_ACKDT                       (abs)        048D
_ACKEN                       (abs)        048C
_ADCON0                      (abs)        001F
_ADCON1                      (abs)        009F
_ADC_Init                    text41       1BE5
_ADC_Read                    text40       1D5B
_ADRESH                      (abs)        001E
_ADRESL                      (abs)        009E
_Aquisicao_Dados             text32       1EE1
_BRGH                        (abs)        04C2
_CCP1CON                     (abs)        0017
_CCP1M2                      (abs)        00BA
_CCP1M3                      (abs)        00BB
_CCP1X                       (abs)        00BD
_CCP1Y                       (abs)        00BC
_CCPR1L                      (abs)        0015
_CREN                        (abs)        00C4
_Data_atual                  bssBANK0     003F
_GIE                         (abs)        005F
_GO_nDONE                    (abs)        00FA
_I2C_Begin                   text13       1BEE
_I2C_End                     text12       1BF7
_I2C_Hold                    text14       1C16
_I2C_Read                    text11       1CB4
_I2C_Write                   text10       1C00
_I2C_init                    text29       1F61
_INTE                        (abs)        005C
_INTF                        (abs)        0059
_Interrupt_Time              text42       142F
_LAST_ALARM                  bssBANK0     0047
_OPTION_REG                  (abs)        0081
_PEIE                        (abs)        005E
_PEN                         (abs)        048A
_PORTB                       (abs)        0006
_PORTBbits                   (abs)        0006
_PORTCbits                   (abs)        0007
_PORTD                       (abs)        0008
_PORTDbits                   (abs)        0008
_PR2                         (abs)        0092
_PWM_Duty                    text16       163D
_PWM_Initialize              text27       07B1
_PWM_freq                    dataBANK0    0051
_RCEN                        (abs)        048B
_RCIF                        (abs)        0065
_RCREG                       (abs)        001A
_SEN                         (abs)        0488
_SPBRG                       (abs)        0099
_SPEN                        (abs)        00C7
_SSPADD                      (abs)        0093
_SSPBUF                      (abs)        0013
_SSPCON                      (abs)        0014
_SSPCON2                     (abs)        0091
_SSPSTAT                     (abs)        0094
_SYNC                        (abs)        04C4
_T0IF                        (abs)        005A
_T1CON                       (abs)        0010
_T1OSCEN                     (abs)        0083
_T1SYNC                      (abs)        0082
_T2CKPS0                     (abs)        0090
_T2CKPS1                     (abs)        0091
_TMR0                        (abs)        0001
_TMR0IE                      (abs)        005D
_TMR0IF                      (abs)        005A
_TMR1CS                      (abs)        0081
_TMR1L                       (abs)        000E
_TMR1ON                      (abs)        0080
_TMR2ON                      (abs)        0092
_TRISA                       (abs)        0085
_TRISB                       (abs)        0086
_TRISBbits                   (abs)        0086
_TRISC2                      (abs)        043A
_TRISC3                      (abs)        043B
_TRISC4                      (abs)        043C
_TRISC6                      (abs)        043E
_TRISC7                      (abs)        043F
_TRISCbits                   (abs)        0087
_TRISD                       (abs)        0088
_TRISDbits                   (abs)        0088
_TRMT                        (abs)        04C1
_TXEN                        (abs)        04C5
_TXREG                       (abs)        0019
_UART_Data_Ready             text26       1BCF
_UART_Init                   text25       1715
_UART_Read                   text8        1BD5
_UART_Read_Text              text7        1D8F
_UART_Write                  text24       1C23
_UART_Write_Decimal          text6        1C95
_UART_Write_Text             text23       10FD
__CFG_BOREN$OFF              (abs)        0000
__CFG_CP$OFF                 (abs)        0000
__CFG_CPD$OFF                (abs)        0000
__CFG_FOSC$HS                (abs)        0000
__CFG_LVP$OFF                (abs)        0000
__CFG_PWRTE$OFF              (abs)        0000
__CFG_WDTE$OFF               (abs)        0000
__CFG_WRT$OFF                (abs)        0000
__Habs1                      abs1         0000
__Hbank0                     bank0        0000
__Hbank1                     bank1        0000
__Hbank2                     bank2        0000
__Hbank3                     bank3        0000
__HbssBANK0                  bssBANK0     0000
__HbssBANK1                  bssBANK1     0000
__HbssBANK2                  bssBANK2     0000
__HbssBANK3                  bssBANK3     0000
__Hcinit                     cinit        0051
__Hclrtext                   clrtext      0000
__Hcode                      code         0000
__Hcommon                    common       0000
__Hconfig                    config       2008
__HcstackBANK0               cstackBANK0  0000
__HcstackBANK1               cstackBANK1  0000
__HcstackBANK2               cstackBANK2  0000
__HcstackBANK3               cstackBANK3  0000
__HcstackCOMMON              cstackCOMMON 0000
__HdataBANK0                 dataBANK0    0000
__HdataBANK3                 dataBANK3    0000
__Heeprom_data               eeprom_data  0000
__Hend_init                  end_init     0015
__Hfunctab                   functab      0000
__HidataBANK0                idataBANK0   0000
__HidataBANK3                idataBANK3   0000
__Hidloc                     idloc        0000
__Hinit                      init         0012
__Hinittext                  inittext     0000
__Hintentry                  intentry     0012
__Hmaintext                  maintext     0000
__Hpowerup                   powerup      0000
__Hram                       ram          0000
__Hreset_vec                 reset_vec    0003
__Hsfr0                      sfr0         0000
__Hsfr1                      sfr1         0000
__Hsfr2                      sfr2         0000
__Hsfr3                      sfr3         0000
__Hspace_0                   (abs)        2008
__Hspace_1                   (abs)        01E7
__Hspace_2                   (abs)        0000
__Hspace_3                   (abs)        0000
__Hstack                     stack        0000
__Hstrings                   strings      0000
__Htext                      text         0000
__Labs1                      abs1         0000
__Lbank0                     bank0        0000
__Lbank1                     bank1        0000
__Lbank2                     bank2        0000
__Lbank3                     bank3        0000
__LbssBANK0                  bssBANK0     0000
__LbssBANK1                  bssBANK1     0000
__LbssBANK2                  bssBANK2     0000
__LbssBANK3                  bssBANK3     0000
__Lcinit                     cinit        0015
__Lclrtext                   clrtext      0000
__Lcode                      code         0000
__Lcommon                    common       0000
__Lconfig                    config       2007
__LcstackBANK0               cstackBANK0  0000
__LcstackBANK1               cstackBANK1  0000
__LcstackBANK2               cstackBANK2  0000
__LcstackBANK3               cstackBANK3  0000
__LcstackCOMMON              cstackCOMMON 0000
__LdataBANK0                 dataBANK0    0000
__LdataBANK3                 dataBANK3    0000
__Leeprom_data               eeprom_data  0000
__Lend_init                  end_init     0012
__Lfunctab                   functab      0000
__LidataBANK0                idataBANK0   0000
__LidataBANK3                idataBANK3   0000
__Lidloc                     idloc        0000
__Linit                      init         0012
__Linittext                  inittext     0000
__Lintentry                  intentry     0004
__Lmaintext                  maintext     0000
__Lpowerup                   powerup      0000
__Lram                       ram          0000
__Lreset_vec                 reset_vec    0000
__Lsfr0                      sfr0         0000
__Lsfr1                      sfr1         0000
__Lsfr2                      sfr2         0000
__Lsfr3                      sfr3         0000
__Lspace_0                   (abs)        0000
__Lspace_1                   (abs)        0000
__Lspace_2                   (abs)        0000
__Lspace_3                   (abs)        0000
__Lstack                     stack        0000
__Lstrings                   strings      0000
__Ltext                      text         0000
__S0                         (abs)        2008
__S1                         (abs)        01E7
__S2                         (abs)        0000
__S3                         (abs)        0000
__Umul8_16                   text37       1DC4
__Umul8_16@multiplicand      cstackBANK0  003B
__Umul8_16@multiplier        cstackBANK1  00A4
__Umul8_16@product           cstackBANK1  00A0
__Umul8_16@word_mpld         cstackBANK1  00A2
___aldiv                     text28       14D0
___aldiv@counter             cstackBANK1  00A8
___aldiv@dividend            cstackBANK1  00A4
___aldiv@divisor             cstackBANK1  00A0
___aldiv@quotient            cstackBANK1  00AA
___aldiv@sign                cstackBANK1  00A9
___awdiv                     text50       1161
___awdiv@counter             cstackCOMMON 0075
___awdiv@dividend            cstackCOMMON 0072
___awdiv@divisor             cstackCOMMON 0070
___awdiv@quotient            cstackCOMMON 0077
___awdiv@sign                cstackCOMMON 0076
___fldiv                     text38       05D4
___fldiv@a                   cstackBANK1  00BC
___fldiv@aexp                cstackBANK1  00D5
___fldiv@b                   cstackBANK1  00C0
___fldiv@bexp                cstackBANK1  00D4
___fldiv@grs                 cstackBANK1  00D0
___fldiv@new_exp             cstackBANK1  00CE
___fldiv@rem                 cstackBANK1  00C9
___fldiv@sign                cstackBANK1  00CD
___flmul                     text36       0051
___flmul@a                   cstackBANK1  00DA
___flmul@aexp                cstackBANK3  0191
___flmul@b                   cstackBANK1  00D6
___flmul@bexp                cstackBANK3  0196
___flmul@grs                 cstackBANK3  0192
___flmul@prod                cstackBANK3  0197
___flmul@sign                cstackBANK3  0190
___flmul@temp                cstackBANK3  019B
___fltol                     text35       12B5
___fltol@exp1                cstackBANK1  00ED
___fltol@f1                  cstackBANK1  00E3
___fltol@sign1               cstackBANK1  00EC
___int_sp                    stack        0000
___latbits                   (abs)        0002
___lldiv                     text31       123D
___lldiv@counter             cstackBANK1  00B8
___lldiv@dividend            cstackBANK1  00B0
___lldiv@divisor             cstackBANK1  00AC
___lldiv@quotient            cstackBANK1  00B4
___lmul                      text30       1FB0
___lmul@multiplicand         cstackBANK1  00A4
___lmul@multiplier           cstackBANK1  00A0
___lmul@product              cstackBANK1  00A8
___lwdiv                     text22       109E
___lwdiv@counter             cstackBANK1  00A1
___lwdiv@dividend            cstackBANK0  003D
___lwdiv@divisor             cstackBANK0  003B
___lwdiv@quotient            cstackBANK1  00A2
___lwmod                     text21       1EA5
___lwmod@counter             cstackBANK1  00A9
___lwmod@dividend            cstackBANK1  00A6
___lwmod@divisor             cstackBANK1  00A4
___sp                        stack        0000
___stackhi                   (abs)        0000
___stacklo                   (abs)        0000
___wmul                      text5        1DFB
___wmul@multiplicand         cstackBANK0  003D
___wmul@multiplier           cstackBANK0  003B
___wmul@product              cstackBANK1  00A0
___xxtofl                    text34       1581
___xxtofl@arg                cstackBANK1  00B8
___xxtofl@exp                cstackBANK1  00B7
___xxtofl@sign               cstackBANK1  00B6
___xxtofl@val                cstackBANK1  00AE
__end_of_ADC_Init            text41       1BEE
__end_of_ADC_Read            text40       1D8F
__end_of_Aquisicao_Dados     text32       1F1F
__end_of_I2C_Begin           text13       1BF7
__end_of_I2C_End             text12       1C00
__end_of_I2C_Hold            text14       1C23
__end_of_I2C_Read            text11       1CD9
__end_of_I2C_Write           text10       1C0A
__end_of_I2C_init            text29       1FB0
__end_of_Interrupt_Time      text42       14D0
__end_of_PWM_Duty            text16       1715
__end_of_PWM_Initialize      text27       0800
__end_of_UART_Data_Ready     text26       1BD5
__end_of_UART_Init           text25       1800
__end_of_UART_Read           text8        1BDD
__end_of_UART_Read_Text      text7        1DC4
__end_of_UART_Write          text24       1C31
__end_of_UART_Write_Decimal  text6        1CB4
__end_of_UART_Write_Text     text23       1161
__end_of__Umul8_16           text37       1DFB
__end_of___aldiv             text28       1581
__end_of___awdiv             text50       11C8
__end_of___fldiv             text38       07B1
__end_of___flmul             text36       05D4
__end_of___fltol             text35       1331
__end_of___lldiv             text31       12B5
__end_of___lmul              text30       2000
__end_of___lwdiv             text22       10FD
__end_of___lwmod             text21       1EE1
__end_of___wmul              text5        1E32
__end_of___xxtofl            text34       163D
__end_of__initialization     cinit        004D
__end_of__stringtab          strings      0810
__end_of_alarm               text18       1E6B
__end_of_alarm_check         text17       142F
__end_of_dpowers             strings      081A
__end_of_get_humidade        text39       1C5B
__end_of_get_temperatura     text33       123D
__end_of_main                maintext     1000
__end_of_move_the_fan        text15       1C77
__end_of_print_json          text19       109E
__end_of_read_from_EPPROM    text9        0951
__end_of_read_from_MR        text4        0C63
__end_of_sprintf             text20       0B4D
__end_of_strlen              text2        1CFE
__end_of_teclado             text3        0D81
__end_of_write_to_EPPROM     text1        13AE
__end_ofi1_UART_Write        text48       1C16
__end_ofi1_UART_Write_Text   text47       1F61
__end_ofi1___lwdiv           text46       1048
__end_ofi1___lwmod           text45       1EA5
__end_ofi1___wmul            text49       1D29
__end_ofi1_print_json        text43       1D5B
__end_ofi1_sprintf           text44       0A46
__end_ofteclado@linha        strings      081E
__initialization             cinit        0015
__pbssBANK0                  bssBANK0     003F
__pbssBANK1                  bssBANK1     00EE
__pbssBANK2                  bssBANK2     0110
__pbssBANK3                  bssBANK3     01E3
__pcstackBANK0               cstackBANK0  0020
__pcstackBANK1               cstackBANK1  00A0
__pcstackBANK2               cstackBANK2  0160
__pcstackBANK3               cstackBANK3  0190
__pcstackCOMMON              cstackCOMMON 0070
__pdataBANK0                 dataBANK0    0051
__pdataBANK3                 dataBANK3    01C5
__pidataBANK0                idataBANK0   1000
__pidataBANK3                idataBANK3   1C77
__pintentry                  intentry     0004
__pmaintext                  maintext     0D81
__pstrings                   strings      0800
__ptext1                     text1        1331
__ptext10                    text10       1C00
__ptext11                    text11       1CB4
__ptext12                    text12       1BF7
__ptext13                    text13       1BEE
__ptext14                    text14       1C16
__ptext15                    text15       1C5B
__ptext16                    text16       163D
__ptext17                    text17       13AE
__ptext18                    text18       1E32
__ptext19                    text19       1048
__ptext2                     text2        1CD9
__ptext20                    text20       0A46
__ptext21                    text21       1EA5
__ptext22                    text22       109E
__ptext23                    text23       10FD
__ptext24                    text24       1C23
__ptext25                    text25       1715
__ptext26                    text26       1BCF
__ptext27                    text27       07B1
__ptext28                    text28       14D0
__ptext29                    text29       1F61
__ptext3                     text3        0C63
__ptext30                    text30       1FB0
__ptext31                    text31       123D
__ptext32                    text32       1EE1
__ptext33                    text33       11C8
__ptext34                    text34       1581
__ptext35                    text35       12B5
__ptext36                    text36       0051
__ptext37                    text37       1DC4
__ptext38                    text38       05D4
__ptext39                    text39       1C44
__ptext4                     text4        0B4D
__ptext40                    text40       1D5B
__ptext41                    text41       1BE5
__ptext42                    text42       142F
__ptext43                    text43       1D29
__ptext44                    text44       0951
__ptext45                    text45       1E6B
__ptext46                    text46       1004
__ptext47                    text47       1F1F
__ptext48                    text48       1C0A
__ptext49                    text49       1CFE
__ptext5                     text5        1DFB
__ptext50                    text50       1161
__ptext6                     text6        1C95
__ptext7                     text7        1D8F
__ptext8                     text8        1BD5
__ptext9                     text9        0901
__size_of_ADC_Init           (abs)        0000
__size_of_ADC_Read           (abs)        0000
__size_of_Aquisicao_Dados    (abs)        0000
__size_of_I2C_Begin          (abs)        0000
__size_of_I2C_End            (abs)        0000
__size_of_I2C_Hold           (abs)        0000
__size_of_I2C_Read           (abs)        0000
__size_of_I2C_Write          (abs)        0000
__size_of_I2C_init           (abs)        0000
__size_of_Interrupt_Time     (abs)        0000
__size_of_PWM_Duty           (abs)        0000
__size_of_PWM_Initialize     (abs)        0000
__size_of_UART_Data_Ready    (abs)        0000
__size_of_UART_Init          (abs)        0000
__size_of_UART_Read          (abs)        0000
__size_of_UART_Read_Text     (abs)        0000
__size_of_UART_Write         (abs)        0000
__size_of_UART_Write_Decimal (abs)        0000
__size_of_UART_Write_Text    (abs)        0000
__size_of__Umul8_16          (abs)        0000
__size_of___aldiv            (abs)        0000
__size_of___awdiv            (abs)        0000
__size_of___fldiv            (abs)        0000
__size_of___flmul            (abs)        0000
__size_of___fltol            (abs)        0000
__size_of___lldiv            (abs)        0000
__size_of___lmul             (abs)        0000
__size_of___lwdiv            (abs)        0000
__size_of___lwmod            (abs)        0000
__size_of___wmul             (abs)        0000
__size_of___xxtofl           (abs)        0000
__size_of_alarm              (abs)        0000
__size_of_alarm_check        (abs)        0000
__size_of_get_humidade       (abs)        0000
__size_of_get_temperatura    (abs)        0000
__size_of_main               (abs)        0000
__size_of_move_the_fan       (abs)        0000
__size_of_print_json         (abs)        0000
__size_of_read_from_EPPROM   (abs)        0000
__size_of_read_from_MR       (abs)        0000
__size_of_sprintf            (abs)        0000
__size_of_strlen             (abs)        0000
__size_of_teclado            (abs)        0000
__size_of_write_to_EPPROM    (abs)        0000
__size_ofi1_UART_Write       (abs)        0000
__size_ofi1_UART_Write_Text  (abs)        0000
__size_ofi1___lwdiv          (abs)        0000
__size_ofi1___lwmod          (abs)        0000
__size_ofi1___wmul           (abs)        0000
__size_ofi1_print_json       (abs)        0000
__size_ofi1_sprintf          (abs)        0000
__stringbase                 strings      080F
__stringtab                  strings      0800
_alarm                       text18       1E32
_alarm_check                 text17       13AE
_count_minute                bssBANK0     004B
_count_timer_fan_speed       bssBANK0     004D
_dpowers                     strings      0810
_fan_count                   bssBANK0     004F
_fan_rpm                     bssBANK1     00EE
_get_humidade                text39       1C44
_get_temperatura             text33       11C8
_json                        bssBANK2     0110
_main                        maintext     0D81
_move_the_fan                text15       1C5B
_print_json                  text19       1048
_read_from_EPPROM            text9        0901
_read_from_MR                text4        0B4D
_running                     bssBANK0     0049
_sprintf                     text20       0A46
_strlen                      text2        1CD9
_teclado                     text3        0C63
_write_to_EPPROM             text1        1331
alarm_check@calibracao       cstackBANK1  00BF
alarm_check@magic            cstackBANK1  00C6
btemp                        (abs)        007E
clear_ram0                   clrtext      1BDD
end_of_initialization        cinit        004D
get_humidade@a               cstackBANK1  00A3
get_temperatura@a            cstackBANK3  019F
get_temperatura@b            cstackBANK3  01A1
i1UART_Write@data            cstackCOMMON 0070
i1UART_Write_Text@i          cstackCOMMON 0076
i1UART_Write_Text@text       cstackCOMMON 0071
i1_UART_Write                text48       1C0A
i1_UART_Write_Text           text47       1F1F
i1___lwdiv                   text46       1004
i1___lwdiv@counter           cstackCOMMON 0077
i1___lwdiv@dividend          cstackCOMMON 0072
i1___lwdiv@divisor           cstackCOMMON 0070
i1___lwdiv@quotient          cstackCOMMON 0075
i1___lwmod                   text45       1E6B
i1___lwmod@counter           cstackCOMMON 007D
i1___lwmod@dividend          cstackCOMMON 007A
i1___lwmod@divisor           cstackCOMMON 0078
i1___wmul                    text49       1CFE
i1___wmul@multiplicand       cstackCOMMON 007B
i1___wmul@multiplier         cstackCOMMON 0079
i1___wmul@product            cstackBANK0  0020
i1_print_json                text43       1D29
i1_sprintf                   text44       0951
i1sprintf@ap                 cstackBANK0  002E
i1sprintf@c                  cstackBANK0  0033
i1sprintf@f                  cstackBANK0  0022
i1sprintf@flag               cstackBANK0  002F
i1sprintf@prec               cstackBANK0  0030
i1sprintf@sp                 cstackBANK0  0020
i1sprintf@val                cstackBANK0  0031
init_fetch0                  inittext     1C31
init_ram0                    inittext     1C35
interrupt_function           intentry     0004
intlevel0                    functab      0000
intlevel1                    functab      0000
intlevel2                    functab      0000
intlevel3                    functab      0000
intlevel4                    functab      0000
intlevel5                    functab      0000
main@abc                     cstackBANK2  0168
main@calibracao              cstackBANK2  0169
main@pass_count              cstackBANK2  0166
main@password                cstackBANK2  0160
main@password_int            cstackBANK2  0164
move_the_fan@a               cstackBANK3  01A3
read_from_EPPROM@data        cstackBANK1  00A7
read_from_MR@calibracao      cstackBANK1  00CB
read_from_MR@int_input       cstackBANK1  00E7
read_from_MR@output          cstackBANK1  00DF
reset_vec                    reset_vec    0000
saved_w                      (abs)        007E
sprintf@ap                   cstackBANK1  00B8
sprintf@c                    cstackBANK1  00BD
sprintf@f                    cstackBANK1  00AC
sprintf@flag                 cstackBANK1  00B9
sprintf@prec                 cstackBANK1  00BA
sprintf@sp                   cstackBANK1  00AA
sprintf@val                  cstackBANK1  00BB
start                        init         0012
start_initialization         cinit        0015
strlen@cp                    cstackBANK1  00A1
strlen@s                     cstackBANK1  00A0
teclado@i                    cstackBANK1  00A4
teclado@linha                strings      081A
teclado@ret                  cstackBANK1  00A3
teclado@timeout              cstackBANK0  003B
teclado@tmp                  cstackBANK1  00A0
teclado@to                   cstackBANK1  00A1
write_to_EPPROM@F1063        dataBANK3    01C5
write_to_EPPROM@count_string cstackBANK1  00C4
write_to_EPPROM@epro_count   cstackBANK1  00C6
write_to_EPPROM@text1        cstackBANK1  00A6
wtemp0                       (abs)        007E


FUNCTION INFORMATION:

 *************** function _main *****************
 Defined at:
		line 335 in file "main.c"
 Parameters:    Size  Location     Type
		None
 Auto vars:     Size  Location     Type
  abc             1    8[BANK2 ] unsigned char 
  calibracao      6    9[BANK2 ] struct .
  password        4    0[BANK2 ] unsigned char [4]
  pass_count      2    6[BANK2 ] int 
  password_int    2    4[BANK2 ] int 
 Return value:  Size  Location     Type
                  2  233[None  ] int 
 Registers used:
		wreg, fsr0l, fsr0h, status,2, status,0, btemp+1, pclath, cstack
 Tracked objects:
		On entry : 
		On exit  : 
		Unchanged: 
 Data sizes:     COMMON   BANK0   BANK1   BANK3   BANK2
      Params:         0       0       0       0       0
      Locals:         0       0       0       0      15
      Temps:          0       0       0      14       0
      Totals:         0       0       0      14      15
Total ram usage:       29 bytes
 Hardware stack levels required when called:    9
 This function calls:
		_ADC_Init
		_Aquisicao_Dados
		_I2C_init
		_PWM_Initialize
		_UART_Data_Ready
		_UART_Init
		_UART_Write
		_UART_Write_Text
		___wmul
		_alarm_check
		_move_the_fan
		_read_from_EPPROM
		_read_from_MR
		_teclado
		_write_to_EPPROM
 This function is called by:
		Startup code after reset
 This function uses a non-reentrant model


 *************** function _write_to_EPPROM *****************
 Defined at:
		line 268 in file "main.c"
 Parameters:    Size  Location     Type
		None
 Auto vars:     Size  Location     Type
  text1          30    6[BANK1 ] unsigned char [30]
  epro_count      2   38[BANK1 ] int 
  count_string    2   36[BANK1 ] int 
 Return value:  Size  Location     Type
                  1    wreg      void 
 Registers used:
		wreg, fsr0l, fsr0h, status,2, status,0, pclath, cstack
 Tracked objects:
		On entry : 
		On exit  : 
		Unchanged: 
 Data sizes:     COMMON   BANK0   BANK1   BANK3   BANK2
      Params:         0       0       0       0       0
      Locals:         0       0      34       0       0
      Temps:          0       0       4       0       0
      Totals:         0       0      38       0       0
Total ram usage:       38 bytes
 Hardware stack levels used:    1
 Hardware stack levels required when called:    6
 This function calls:
		_I2C_Begin
		_I2C_End
		_I2C_Write
		_strlen
 This function is called by:
		_main
 This function uses a non-reentrant model


 *************** function _strlen *****************
 Defined at:
		line 4 in file "C:\Program Files (x86)\Microchip\xc8\v2.10\pic\sources\c90\common\strlen.c"
 Parameters:    Size  Location     Type
  s               1    wreg     PTR const unsigned char 
		 -> write_to_EPPROM@text1(30), 
 Auto vars:     Size  Location     Type
  s               1    0[BANK1 ] PTR const unsigned char 
		 -> write_to_EPPROM@text1(30), 
  cp              1    1[BANK1 ] PTR const unsigned char 
		 -> write_to_EPPROM@text1(30), 
 Return value:  Size  Location     Type
                  2   27[BANK0 ] unsigned int 
 Registers used:
		wreg, fsr0l, fsr0h, status,2, status,0
 Tracked objects:
		On entry : 
		On exit  : 
		Unchanged: 
 Data sizes:     COMMON   BANK0   BANK1   BANK3   BANK2
      Params:         0       2       0       0       0
      Locals:         0       0       2       0       0
      Temps:          0       1       0       0       0
      Totals:         0       3       2       0       0
Total ram usage:        5 bytes
 Hardware stack levels used:    1
 Hardware stack levels required when called:    4
 This function calls:
		Nothing
 This function is called by:
		_write_to_EPPROM
 This function uses a non-reentrant model


 *************** function _teclado *****************
 Defined at:
		line 187 in file "main.c"
 Parameters:    Size  Location     Type
  timeout         2   27[BANK0 ] unsigned int 
 Auto vars:     Size  Location     Type
  to              2    1[BANK1 ] unsigned int 
  i               1    4[BANK1 ] unsigned char 
  ret             1    3[BANK1 ] unsigned char 
  tmp             1    0[BANK1 ] unsigned char 
 Return value:  Size  Location     Type
                  1    wreg      unsigned char 
 Registers used:
		wreg, fsr0l, fsr0h, status,2, status,0, pclath
 Tracked objects:
		On entry : 
		On exit  : 
		Unchanged: 
 Data sizes:     COMMON   BANK0   BANK1   BANK3   BANK2
      Params:         0       2       0       0       0
      Locals:         0       0       5       0       0
      Temps:          0       2       0       0       0
      Totals:         0       4       5       0       0
Total ram usage:        9 bytes
 Hardware stack levels used:    1
 Hardware stack levels required when called:    4
 This function calls:
		Nothing
 This function is called by:
		_main
 This function uses a non-reentrant model


 *************** function _read_from_MR *****************
 Defined at:
		line 109 in file "main.c"
 Parameters:    Size  Location     Type
  calibracao      6   43[BANK1 ] struct .
 Auto vars:     Size  Location     Type
  output          8   63[BANK1 ] unsigned char [8]
  int_input       2   71[BANK1 ] int 
 Return value:  Size  Location     Type
                  6   43[BANK1 ] struct .
 Registers used:
		wreg, fsr0l, fsr0h, status,2, status,0, btemp+1, pclath, cstack
 Tracked objects:
		On entry : 
		On exit  : 
		Unchanged: 
 Data sizes:     COMMON   BANK0   BANK1   BANK3   BANK2
      Params:         0       0       6       0       0
      Locals:         0       0      10       0       0
      Temps:          0       0      14       0       0
      Totals:         0       0      30       0       0
Total ram usage:       30 bytes
 Hardware stack levels used:    1
 Hardware stack levels required when called:    7
 This function calls:
		_UART_Read_Text
		_UART_Write_Decimal
		_UART_Write_Text
		___wmul
		_print_json
 This function is called by:
		_main
 This function uses a non-reentrant model


 *************** function ___wmul *****************
 Defined at:
		line 15 in file "C:\Program Files (x86)\Microchip\xc8\v2.10\pic\sources\c90\common\Umul16.c"
 Parameters:    Size  Location     Type
  multiplier      2   27[BANK0 ] unsigned int 
  multiplicand    2   29[BANK0 ] unsigned int 
 Auto vars:     Size  Location     Type
  product         2    0[BANK1 ] unsigned int 
 Return value:  Size  Location     Type
                  2   27[BANK0 ] unsigned int 
 Registers used:
		wreg, status,2, status,0
 Tracked objects:
		On entry : 
		On exit  : 
		Unchanged: 
 Data sizes:     COMMON   BANK0   BANK1   BANK3   BANK2
      Params:         0       4       0       0       0
      Locals:         0       0       2       0       0
      Temps:          0       0       0       0       0
      Totals:         0       4       2       0       0
Total ram usage:        6 bytes
 Hardware stack levels used:    1
 Hardware stack levels required when called:    4
 This function calls:
		Nothing
 This function is called by:
		_read_from_MR
		_main
 This function uses a non-reentrant model


 *************** function _UART_Write_Decimal *****************
 Defined at:
		line 64 in file "UART.c"
 Parameters:    Size  Location     Type
  Dec             2   30[BANK1 ] int 
 Auto vars:     Size  Location     Type
  string         10   33[BANK1 ] unsigned char [10]
 Return value:  Size  Location     Type
                  1    wreg      void 
 Registers used:
		wreg, fsr0l, fsr0h, status,2, status,0, btemp+1, pclath, cstack
 Tracked objects:
		On entry : 
		On exit  : 
		Unchanged: 
 Data sizes:     COMMON   BANK0   BANK1   BANK3   BANK2
      Params:         0       0       2       0       0
      Locals:         0       0      10       0       0
      Temps:          0       0       1       0       0
      Totals:         0       0      13       0       0
Total ram usage:       13 bytes
 Hardware stack levels used:    1
 Hardware stack levels required when called:    6
 This function calls:
		_UART_Write_Text
		_sprintf
 This function is called by:
		_read_from_MR
 This function uses a non-reentrant model


 *************** function _UART_Read_Text *****************
 Defined at:
		line 57 in file "UART.c"
 Parameters:    Size  Location     Type
  Output          1    wreg     PTR unsigned char 
		 -> read_from_MR@output(8), 
  length          2   27[BANK0 ] unsigned int 
 Auto vars:     Size  Location     Type
  Output          1    2[BANK1 ] PTR unsigned char 
		 -> read_from_MR@output(8), 
  i               2    3[BANK1 ] int 
  i               2    0        unsigned int 
 Return value:  Size  Location     Type
                  1    wreg      void 
 Registers used:
		wreg, fsr0l, fsr0h, status,2, status,0, pclath, cstack
 Tracked objects:
		On entry : 
		On exit  : 
		Unchanged: 
 Data sizes:     COMMON   BANK0   BANK1   BANK3   BANK2
      Params:         0       2       0       0       0
      Locals:         0       0       5       0       0
      Temps:          0       2       0       0       0
      Totals:         0       4       5       0       0
Total ram usage:        9 bytes
 Hardware stack levels used:    1
 Hardware stack levels required when called:    5
 This function calls:
		_UART_Read
 This function is called by:
		_read_from_MR
 This function uses a non-reentrant model


 *************** function _UART_Read *****************
 Defined at:
		line 52 in file "UART.c"
 Parameters:    Size  Location     Type
		None
 Auto vars:     Size  Location     Type
		None
 Return value:  Size  Location     Type
                  1    wreg      unsigned char 
 Registers used:
		wreg
 Tracked objects:
		On entry : 
		On exit  : 
		Unchanged: 
 Data sizes:     COMMON   BANK0   BANK1   BANK3   BANK2
      Params:         0       0       0       0       0
      Locals:         0       0       0       0       0
      Temps:          0       0       0       0       0
      Totals:         0       0       0       0       0
Total ram usage:        0 bytes
 Hardware stack levels used:    1
 Hardware stack levels required when called:    4
 This function calls:
		Nothing
 This function is called by:
		_UART_Read_Text
 This function uses a non-reentrant model


 *************** function _read_from_EPPROM *****************
 Defined at:
		line 286 in file "main.c"
 Parameters:    Size  Location     Type
		None
 Auto vars:     Size  Location     Type
  data           10    7[BANK1 ] unsigned char [10]
 Return value:  Size  Location     Type
                  1    wreg      void 
 Registers used:
		wreg, fsr0l, fsr0h, status,2, status,0, btemp+1, pclath, cstack
 Tracked objects:
		On entry : 
		On exit  : 
		Unchanged: 
 Data sizes:     COMMON   BANK0   BANK1   BANK3   BANK2
      Params:         0       0       0       0       0
      Locals:         0       0      10       0       0
      Temps:          0       0       2       0       0
      Totals:         0       0      12       0       0
Total ram usage:       12 bytes
 Hardware stack levels used:    1
 Hardware stack levels required when called:    6
 This function calls:
		_I2C_Begin
		_I2C_End
		_I2C_Read
		_I2C_Write
		_UART_Write_Text
 This function is called by:
		_main
 This function uses a non-reentrant model


 *************** function _I2C_Write *****************
 Defined at:
		line 37 in file "I2C.c"
 Parameters:    Size  Location     Type
  data            2   27[BANK0 ] unsigned int 
 Auto vars:     Size  Location     Type
		None
 Return value:  Size  Location     Type
                  1    wreg      void 
 Registers used:
		wreg, status,2, status,0, pclath, cstack
 Tracked objects:
		On entry : 
		On exit  : 
		Unchanged: 
 Data sizes:     COMMON   BANK0   BANK1   BANK3   BANK2
      Params:         0       2       0       0       0
      Locals:         0       0       0       0       0
      Temps:          0       0       0       0       0
      Totals:         0       2       0       0       0
Total ram usage:        2 bytes
 Hardware stack levels used:    1
 Hardware stack levels required when called:    5
 This function calls:
		_I2C_Hold
 This function is called by:
		_write_to_EPPROM
		_read_from_EPPROM
 This function uses a non-reentrant model


 *************** function _I2C_Read *****************
 Defined at:
		line 43 in file "I2C.c"
 Parameters:    Size  Location     Type
  ack             2   27[BANK0 ] unsigned short 
 Auto vars:     Size  Location     Type
  incoming        2    0        unsigned short 
 Return value:  Size  Location     Type
                  2   27[BANK0 ] unsigned short 
 Registers used:
		wreg, status,2, status,0, pclath, cstack
 Tracked objects:
		On entry : 
		On exit  : 
		Unchanged: 
 Data sizes:     COMMON   BANK0   BANK1   BANK3   BANK2
      Params:         0       2       0       0       0
      Locals:         0       2       0       0       0
      Temps:          0       0       0       0       0
      Totals:         0       4       0       0       0
Total ram usage:        4 bytes
 Hardware stack levels used:    1
 Hardware stack levels required when called:    5
 This function calls:
		_I2C_Hold
 This function is called by:
		_read_from_EPPROM
 This function uses a non-reentrant model


 *************** function _I2C_End *****************
 Defined at:
		line 31 in file "I2C.c"
 Parameters:    Size  Location     Type
		None
 Auto vars:     Size  Location     Type
		None
 Return value:  Size  Location     Type
                  1    wreg      void 
 Registers used:
		wreg, status,2, status,0, pclath, cstack
 Tracked objects:
		On entry : 
		On exit  : 
		Unchanged: 
 Data sizes:     COMMON   BANK0   BANK1   BANK3   BANK2
      Params:         0       0       0       0       0
      Locals:         0       0       0       0       0
      Temps:          0       0       0       0       0
      Totals:         0       0       0       0       0
Total ram usage:        0 bytes
 Hardware stack levels used:    1
 Hardware stack levels required when called:    5
 This function calls:
		_I2C_Hold
 This function is called by:
		_write_to_EPPROM
		_read_from_EPPROM
 This function uses a non-reentrant model


 *************** function _I2C_Begin *****************
 Defined at:
		line 25 in file "I2C.c"
 Parameters:    Size  Location     Type
		None
 Auto vars:     Size  Location     Type
		None
 Return value:  Size  Location     Type
                  1    wreg      void 
 Registers used:
		wreg, status,2, status,0, pclath, cstack
 Tracked objects:
		On entry : 
		On exit  : 
		Unchanged: 
 Data sizes:     COMMON   BANK0   BANK1   BANK3   BANK2
      Params:         0       0       0       0       0
      Locals:         0       0       0       0       0
      Temps:          0       0       0       0       0
      Totals:         0       0       0       0       0
Total ram usage:        0 bytes
 Hardware stack levels used:    1
 Hardware stack levels required when called:    5
 This function calls:
		_I2C_Hold
 This function is called by:
		_write_to_EPPROM
		_read_from_EPPROM
 This function uses a non-reentrant model


 *************** function _I2C_Hold *****************
 Defined at:
		line 20 in file "I2C.c"
 Parameters:    Size  Location     Type
		None
 Auto vars:     Size  Location     Type
		None
 Return value:  Size  Location     Type
                  1    wreg      void 
 Registers used:
		wreg, status,2
 Tracked objects:
		On entry : 
		On exit  : 
		Unchanged: 
 Data sizes:     COMMON   BANK0   BANK1   BANK3   BANK2
      Params:         0       0       0       0       0
      Locals:         0       0       0       0       0
      Temps:          0       0       0       0       0
      Totals:         0       0       0       0       0
Total ram usage:        0 bytes
 Hardware stack levels used:    1
 Hardware stack levels required when called:    4
 This function calls:
		Nothing
 This function is called by:
		_I2C_Begin
		_I2C_End
		_I2C_Write
		_I2C_Read
 This function uses a non-reentrant model


 *************** function _move_the_fan *****************
 Defined at:
		line 253 in file "main.c"
 Parameters:    Size  Location     Type
		None
 Auto vars:     Size  Location     Type
  a               2   19[BANK3 ] int 
 Return value:  Size  Location     Type
                  1    wreg      void 
 Registers used:
		wreg, status,2, status,0, btemp+1, pclath, cstack
 Tracked objects:
		On entry : 
		On exit  : 
		Unchanged: 
 Data sizes:     COMMON   BANK0   BANK1   BANK3   BANK2
      Params:         0       0       0       0       0
      Locals:         0       0       0       2       0
      Temps:          0       0       0       0       0
      Totals:         0       0       0       2       0
Total ram usage:        2 bytes
 Hardware stack levels used:    1
 Hardware stack levels required when called:    7
 This function calls:
		_ADC_Read
		_PWM_Duty
 This function is called by:
		_main
 This function uses a non-reentrant model


 *************** function _PWM_Duty *****************
 Defined at:
		line 74 in file "main.c"
 Parameters:    Size  Location     Type
  duty            2   13[BANK3 ] unsigned int 
 Auto vars:     Size  Location     Type
		None
 Return value:  Size  Location     Type
                  1    wreg      void 
 Registers used:
		wreg, status,2, status,0, btemp+1, pclath, cstack
 Tracked objects:
		On entry : 
		On exit  : 
		Unchanged: 
 Data sizes:     COMMON   BANK0   BANK1   BANK3   BANK2
      Params:         0       0       0       2       0
      Locals:         0       0       0       0       0
      Temps:          0       0       0       4       0
      Totals:         0       0       0       6       0
Total ram usage:        6 bytes
 Hardware stack levels used:    1
 Hardware stack levels required when called:    6
 This function calls:
		___aldiv
		___fldiv
		___flmul
		___fltol
		___xxtofl
 This function is called by:
		_move_the_fan
 This function uses a non-reentrant model


 *************** function _alarm_check *****************
 Defined at:
		line 318 in file "main.c"
 Parameters:    Size  Location     Type
  calibracao      6   31[BANK1 ] struct .
 Auto vars:     Size  Location     Type
  magic           2   38[BANK1 ] int 
 Return value:  Size  Location     Type
                  1    wreg      void 
 Registers used:
		wreg, fsr0l, fsr0h, status,2, status,0, btemp+1, pclath, cstack
 Tracked objects:
		On entry : 
		On exit  : 
		Unchanged: 
 Data sizes:     COMMON   BANK0   BANK1   BANK3   BANK2
      Params:         0       0       6       0       0
      Locals:         0       0       2       0       0
      Temps:          0       0       1       0       0
      Totals:         0       0       9       0       0
Total ram usage:        9 bytes
 Hardware stack levels used:    1
 Hardware stack levels required when called:    8
 This function calls:
		_alarm
 This function is called by:
		_main
 This function uses a non-reentrant model


 *************** function _alarm *****************
 Defined at:
		line 303 in file "main.c"
 Parameters:    Size  Location     Type
		None
 Auto vars:     Size  Location     Type
		None
 Return value:  Size  Location     Type
                  1    wreg      void 
 Registers used:
		wreg, fsr0l, fsr0h, status,2, status,0, btemp+1, pclath, cstack
 Tracked objects:
		On entry : 
		On exit  : 
		Unchanged: 
 Data sizes:     COMMON   BANK0   BANK1   BANK3   BANK2
      Params:         0       0       0       0       0
      Locals:         0       0       0       0       0
      Temps:          0       0       0       0       0
      Totals:         0       0       0       0       0
Total ram usage:        0 bytes
 Hardware stack levels used:    1
 Hardware stack levels required when called:    7
 This function calls:
		_print_json
 This function is called by:
		_alarm_check
 This function uses a non-reentrant model


 *************** function _print_json *****************
 Defined at:
		line 102 in file "main.c"
 Parameters:    Size  Location     Type
		None
 Auto vars:     Size  Location     Type
		None
 Return value:  Size  Location     Type
                  1    wreg      void 
 Registers used:
		wreg, fsr0l, fsr0h, status,2, status,0, btemp+1, pclath, cstack
 Tracked objects:
		On entry : 
		On exit  : 
		Unchanged: 
 Data sizes:     COMMON   BANK0   BANK1   BANK3   BANK2
      Params:         0       0       0       0       0
      Locals:         0       0       0       0       0
      Temps:          0       0       1       0       0
      Totals:         0       0       1       0       0
Total ram usage:        1 bytes
 Hardware stack levels used:    1
 Hardware stack levels required when called:    6
 This function calls:
		_UART_Write_Text
		_sprintf
 This function is called by:
		_read_from_MR
		_alarm
 This function uses a non-reentrant model


 *************** function _sprintf *****************
 Defined at:
		line 505 in file "C:\Program Files (x86)\Microchip\xc8\v2.10\pic\sources\c90\common\doprnt.c"
 Parameters:    Size  Location     Type
  sp              2   10[BANK1 ] PTR unsigned char 
		 -> UART_Write_Decimal@string(10), json(80), 
  f               1   12[BANK1 ] PTR const unsigned char 
		 -> STR_20(3), STR_1(74), 
 Auto vars:     Size  Location     Type
  tmpval          4    0        struct .
  val             2   27[BANK1 ] unsigned int 
  cp              2    0        PTR const unsigned char 
  len             2    0        unsigned int 
  c               1   29[BANK1 ] unsigned char 
  prec            1   26[BANK1 ] char 
  flag            1   25[BANK1 ] unsigned char 
  ap              1   24[BANK1 ] PTR void [1]
		 -> ?_sprintf(2), 
 Return value:  Size  Location     Type
                  2   10[BANK1 ] int 
 Registers used:
		wreg, fsr0l, fsr0h, status,2, status,0, btemp+1, pclath, cstack
 Tracked objects:
		On entry : 
		On exit  : 
		Unchanged: 
 Data sizes:     COMMON   BANK0   BANK1   BANK3   BANK2
      Params:         0       0      11       0       0
      Locals:         0       0       6       0       0
      Temps:          0       0       3       0       0
      Totals:         0       0      20       0       0
Total ram usage:       20 bytes
 Hardware stack levels used:    1
 Hardware stack levels required when called:    5
 This function calls:
		___lwdiv
		___lwmod
 This function is called by:
		_print_json
		_UART_Write_Decimal
 This function uses a non-reentrant model


 *************** function ___lwmod *****************
 Defined at:
		line 5 in file "C:\Program Files (x86)\Microchip\xc8\v2.10\pic\sources\c90\common\lwmod.c"
 Parameters:    Size  Location     Type
  divisor         2    4[BANK1 ] unsigned int 
  dividend        2    6[BANK1 ] unsigned int 
 Auto vars:     Size  Location     Type
  counter         1    9[BANK1 ] unsigned char 
 Return value:  Size  Location     Type
                  2    4[BANK1 ] unsigned int 
 Registers used:
		wreg, status,2, status,0
 Tracked objects:
		On entry : 
		On exit  : 
		Unchanged: 
 Data sizes:     COMMON   BANK0   BANK1   BANK3   BANK2
      Params:         0       0       4       0       0
      Locals:         0       0       1       0       0
      Temps:          0       0       1       0       0
      Totals:         0       0       6       0       0
Total ram usage:        6 bytes
 Hardware stack levels used:    1
 Hardware stack levels required when called:    4
 This function calls:
		Nothing
 This function is called by:
		_sprintf
 This function uses a non-reentrant model


 *************** function ___lwdiv *****************
 Defined at:
		line 5 in file "C:\Program Files (x86)\Microchip\xc8\v2.10\pic\sources\c90\common\lwdiv.c"
 Parameters:    Size  Location     Type
  divisor         2   27[BANK0 ] unsigned int 
  dividend        2   29[BANK0 ] unsigned int 
 Auto vars:     Size  Location     Type
  quotient        2    2[BANK1 ] unsigned int 
  counter         1    1[BANK1 ] unsigned char 
 Return value:  Size  Location     Type
                  2   27[BANK0 ] unsigned int 
 Registers used:
		wreg, status,2, status,0
 Tracked objects:
		On entry : 
		On exit  : 
		Unchanged: 
 Data sizes:     COMMON   BANK0   BANK1   BANK3   BANK2
      Params:         0       4       0       0       0
      Locals:         0       0       3       0       0
      Temps:          0       0       1       0       0
      Totals:         0       4       4       0       0
Total ram usage:        8 bytes
 Hardware stack levels used:    1
 Hardware stack levels required when called:    4
 This function calls:
		Nothing
 This function is called by:
		_sprintf
 This function uses a non-reentrant model


 *************** function _UART_Write_Text *****************
 Defined at:
		line 42 in file "UART.c"
 Parameters:    Size  Location     Type
  text            2   28[BANK0 ] PTR unsigned char 
		 -> UART_Write_Decimal@string(10), STR_19(2), STR_18(19), STR_17(2), 
		 -> STR_16(2), STR_15(17), STR_14(2), STR_13(2), 
		 -> STR_12(17), read_from_EPPROM@data(10), STR_11(2), STR_10(11), 
		 -> STR_9(2), STR_8(12), STR_7(18), STR_6(16), 
		 -> STR_5(12), STR_4(2), STR_3(25), read_from_MR@output(8), 
		 -> STR_2(2), json(80), 
 Auto vars:     Size  Location     Type
  i               2    3[BANK1 ] int 
 Return value:  Size  Location     Type
                  1    wreg      void 
 Registers used:
		wreg, fsr0l, fsr0h, status,2, status,0, btemp+1, pclath, cstack
 Tracked objects:
		On entry : 
		On exit  : 
		Unchanged: 
 Data sizes:     COMMON   BANK0   BANK1   BANK3   BANK2
      Params:         0       2       0       0       0
      Locals:         0       0       2       0       0
      Temps:          0       0       3       0       0
      Totals:         0       2       5       0       0
Total ram usage:        7 bytes
 Hardware stack levels used:    1
 Hardware stack levels required when called:    5
 This function calls:
		_UART_Write
 This function is called by:
		_print_json
		_read_from_MR
		_read_from_EPPROM
		_main
		_UART_Write_Decimal
 This function uses a non-reentrant model


 *************** function _UART_Write *****************
 Defined at:
		line 32 in file "UART.c"
 Parameters:    Size  Location     Type
  data            1    wreg     unsigned char 
 Auto vars:     Size  Location     Type
  data            1   27[BANK0 ] unsigned char 
 Return value:  Size  Location     Type
                  1    wreg      void 
 Registers used:
		wreg
 Tracked objects:
		On entry : 
		On exit  : 
		Unchanged: 
 Data sizes:     COMMON   BANK0   BANK1   BANK3   BANK2
      Params:         0       0       0       0       0
      Locals:         0       1       0       0       0
      Temps:          0       0       0       0       0
      Totals:         0       1       0       0       0
Total ram usage:        1 bytes
 Hardware stack levels used:    1
 Hardware stack levels required when called:    4
 This function calls:
		Nothing
 This function is called by:
		_main
		_UART_Write_Text
 This function uses a non-reentrant model


 *************** function _UART_Init *****************
 Defined at:
		line 9 in file "UART.c"
 Parameters:    Size  Location     Type
  baudrate        4   14[BANK1 ] const long 
 Auto vars:     Size  Location     Type
  x               2   28[BANK0 ] unsigned int 
 Return value:  Size  Location     Type
                  1    wreg      unsigned char 
 Registers used:
		wreg, status,2, status,0, pclath, cstack
 Tracked objects:
		On entry : 
		On exit  : 
		Unchanged: 
 Data sizes:     COMMON   BANK0   BANK1   BANK3   BANK2
      Params:         0       0       4       0       0
      Locals:         0       2       0       0       0
      Temps:          0       0      12       0       0
      Totals:         0       2      16       0       0
Total ram usage:       18 bytes
 Hardware stack levels used:    1
 Hardware stack levels required when called:    5
 This function calls:
		___aldiv
 This function is called by:
		_main
 This function uses a non-reentrant model


 *************** function _UART_Data_Ready *****************
 Defined at:
		line 48 in file "UART.c"
 Parameters:    Size  Location     Type
		None
 Auto vars:     Size  Location     Type
		None
 Return value:  Size  Location     Type
                  1    wreg      unsigned char 
 Registers used:
		wreg
 Tracked objects:
		On entry : 
		On exit  : 
		Unchanged: 
 Data sizes:     COMMON   BANK0   BANK1   BANK3   BANK2
      Params:         0       0       0       0       0
      Locals:         0       0       0       0       0
      Temps:          0       0       0       0       0
      Totals:         0       0       0       0       0
Total ram usage:        0 bytes
 Hardware stack levels used:    1
 Hardware stack levels required when called:    4
 This function calls:
		Nothing
 This function is called by:
		_main
 This function uses a non-reentrant model


 *************** function _PWM_Initialize *****************
 Defined at:
		line 63 in file "main.c"
 Parameters:    Size  Location     Type
		None
 Auto vars:     Size  Location     Type
		None
 Return value:  Size  Location     Type
                  1    wreg      void 
 Registers used:
		wreg, status,2, status,0, pclath, cstack
 Tracked objects:
		On entry : 
		On exit  : 
		Unchanged: 
 Data sizes:     COMMON   BANK0   BANK1   BANK3   BANK2
      Params:         0       0       0       0       0
      Locals:         0       0       0       0       0
      Temps:          0       0       4       0       0
      Totals:         0       0       4       0       0
Total ram usage:        4 bytes
 Hardware stack levels used:    1
 Hardware stack levels required when called:    5
 This function calls:
		___aldiv
 This function is called by:
		_main
 This function uses a non-reentrant model


 *************** function ___aldiv *****************
 Defined at:
		line 5 in file "C:\Program Files (x86)\Microchip\xc8\v2.10\pic\sources\c90\common\aldiv.c"
 Parameters:    Size  Location     Type
  divisor         4    0[BANK1 ] long 
  dividend        4    4[BANK1 ] long 
 Auto vars:     Size  Location     Type
  quotient        4   10[BANK1 ] long 
[...]
      Locals:         0       0       5       0       0
      Temps:          0       2       0       0       0
      Totals:         0       4       5       0       0
Total ram usage:        9 bytes
 Hardware stack levels used:    1
 Hardware stack levels required when called:    4
 This function calls:
		Nothing
 This function is called by:
		___flmul
 This function uses a non-reentrant model


 *************** function ___fldiv *****************
 Defined at:
		line 8 in file "C:\Program Files (x86)\Microchip\xc8\v2.10\pic\sources\c90\common\sprcdiv.c"
 Parameters:    Size  Location     Type
  a               4   28[BANK1 ] unsigned int 
  b               4   32[BANK1 ] unsigned int 
 Auto vars:     Size  Location     Type
  grs             4   48[BANK1 ] unsigned long 
  rem             4   41[BANK1 ] unsigned long 
  new_exp         2   46[BANK1 ] int 
  aexp            1   53[BANK1 ] unsigned char 
  bexp            1   52[BANK1 ] unsigned char 
  sign            1   45[BANK1 ] unsigned char 
 Return value:  Size  Location     Type
                  4   28[BANK1 ] unsigned char 
 Registers used:
		wreg, status,2, status,0, btemp+1
 Tracked objects:
		On entry : 
		On exit  : 
		Unchanged: 
 Data sizes:     COMMON   BANK0   BANK1   BANK3   BANK2
      Params:         0       0       8       0       0
      Locals:         0       0      13       0       0
      Temps:          0       0       5       0       0
      Totals:         0       0      26       0       0
Total ram usage:       26 bytes
 Hardware stack levels used:    1
 Hardware stack levels required when called:    4
 This function calls:
		Nothing
 This function is called by:
		_PWM_Duty
		_get_temperatura
 This function uses a non-reentrant model


 *************** function _get_humidade *****************
 Defined at:
		line 95 in file "main.c"
 Parameters:    Size  Location     Type
		None
 Auto vars:     Size  Location     Type
  a               2    3[BANK1 ] int 
 Return value:  Size  Location     Type
                  2    1[BANK1 ] int 
 Registers used:
		wreg, status,2, status,0, pclath, cstack
 Tracked objects:
		On entry : 
		On exit  : 
		Unchanged: 
 Data sizes:     COMMON   BANK0   BANK1   BANK3   BANK2
      Params:         0       0       2       0       0
      Locals:         0       0       2       0       0
      Temps:          0       0       0       0       0
      Totals:         0       0       4       0       0
Total ram usage:        4 bytes
 Hardware stack levels used:    1
 Hardware stack levels required when called:    5
 This function calls:
		_ADC_Read
 This function is called by:
		_Aquisicao_Dados
 This function uses a non-reentrant model


 *************** function _ADC_Read *****************
 Defined at:
		line 15 in file "ADC.c"
 Parameters:    Size  Location     Type
  channel         1    wreg     unsigned char 
 Auto vars:     Size  Location     Type
  channel         1    0[BANK1 ] unsigned char 
 Return value:  Size  Location     Type
                  2   27[BANK0 ] unsigned int 
 Registers used:
		wreg, status,2, status,0
 Tracked objects:
		On entry : 
		On exit  : 
		Unchanged: 
 Data sizes:     COMMON   BANK0   BANK1   BANK3   BANK2
      Params:         0       2       0       0       0
      Locals:         0       0       1       0       0
      Temps:          0       2       0       0       0
      Totals:         0       4       1       0       0
Total ram usage:        5 bytes
 Hardware stack levels used:    1
 Hardware stack levels required when called:    4
 This function calls:
		Nothing
 This function is called by:
		_get_temperatura
		_get_humidade
		_move_the_fan
 This function uses a non-reentrant model


 *************** function _ADC_Init *****************
 Defined at:
		line 9 in file "ADC.c"
 Parameters:    Size  Location     Type
		None
 Auto vars:     Size  Location     Type
		None
 Return value:  Size  Location     Type
                  1    wreg      void 
 Registers used:
		wreg
 Tracked objects:
		On entry : 
		On exit  : 
		Unchanged: 
 Data sizes:     COMMON   BANK0   BANK1   BANK3   BANK2
      Params:         0       0       0       0       0
      Locals:         0       0       0       0       0
      Temps:          0       0       0       0       0
      Totals:         0       0       0       0       0
Total ram usage:        0 bytes
 Hardware stack levels used:    1
 Hardware stack levels required when called:    4
 This function calls:
		Nothing
 This function is called by:
		_main
 This function uses a non-reentrant model


 *************** function _Interrupt_Time *****************
 Defined at:
		line 145 in file "main.c"
 Parameters:    Size  Location     Type
		None
 Auto vars:     Size  Location     Type
		None
 Return value:  Size  Location     Type
                  1    wreg      void 
 Registers used:
		wreg, fsr0l, fsr0h, status,2, status,0, btemp+1, pclath, cstack
 Tracked objects:
		On entry : 
		On exit  : 
		Unchanged: 
 Data sizes:     COMMON   BANK0   BANK1   BANK3   BANK2
      Params:         0       0       0       0       0
      Locals:         0       0       0       0       0
      Temps:          0       6       0       0       0
      Totals:         0       6       0       0       0
Total ram usage:        6 bytes
 Hardware stack levels used:    1
 Hardware stack levels required when called:    3
 This function calls:
		___awdiv
		i1_UART_Write_Text
		i1___wmul
		i1_print_json
 This function is called by:
		Interrupt level 1
 This function uses a non-reentrant model


 *************** function i1_print_json *****************
 Defined at:
		line 102 in file "main.c"
 Parameters:    Size  Location     Type
		None
 Auto vars:     Size  Location     Type
		None
 Return value:  Size  Location     Type
                  1    wreg      void 
 Registers used:
		wreg, fsr0l, fsr0h, status,2, status,0, btemp+1, pclath, cstack
 Tracked objects:
		On entry : 
		On exit  : 
		Unchanged: 
 Data sizes:     COMMON   BANK0   BANK1   BANK3   BANK2
      Params:         0       0       0       0       0
      Locals:         0       0       0       0       0
      Temps:          0       1       0       0       0
      Totals:         0       1       0       0       0
Total ram usage:        1 bytes
 Hardware stack levels used:    1
 Hardware stack levels required when called:    2
 This function calls:
		i1_UART_Write_Text
		i1_sprintf
 This function is called by:
		_Interrupt_Time
 This function uses a non-reentrant model


 *************** function i1_sprintf *****************
 Defined at:
		line 505 in file "C:\Program Files (x86)\Microchip\xc8\v2.10\pic\sources\c90\common\doprnt.c"
 Parameters:    Size  Location     Type
  sp              2    0[BANK0 ] PTR unsigned char 
		 -> UART_Write_Decimal@string(10), json(80), 
  f               1    2[BANK0 ] PTR const unsigned char 
		 -> STR_20(3), STR_1(74), 
 Auto vars:     Size  Location     Type
  sprintf         4    0        struct .
  sprintf         2   17[BANK0 ] unsigned int 
  sprintf         2    0        PTR const unsigned char 
  sprintf         2    0        unsigned int 
  sprintf         1   19[BANK0 ] unsigned char 
  sprintf         1   16[BANK0 ] char 
  sprintf         1   15[BANK0 ] unsigned char 
  sprintf         1   14[BANK0 ] PTR void [1]
		 -> ?i1_sprintf(2), ?_sprintf(2), 
 Return value:  Size  Location     Type
                  2    0[BANK0 ] int 
 Registers used:
		wreg, fsr0l, fsr0h, status,2, status,0, btemp+1, pclath, cstack
 Tracked objects:
		On entry : 
		On exit  : 
		Unchanged: 
 Data sizes:     COMMON   BANK0   BANK1   BANK3   BANK2
      Params:         0      11       0       0       0
      Locals:         0       6       0       0       0
      Temps:          0       3       0       0       0
      Totals:         0      20       0       0       0
Total ram usage:       20 bytes
 Hardware stack levels used:    1
 Hardware stack levels required when called:    1
 This function calls:
		i1___lwdiv
		i1___lwmod
 This function is called by:
		i1_print_json
 This function uses a non-reentrant model


 *************** function i1___lwmod *****************
 Defined at:
		line 5 in file "C:\Program Files (x86)\Microchip\xc8\v2.10\pic\sources\c90\common\lwmod.c"
 Parameters:    Size  Location     Type
  divisor         2    8[COMMON] unsigned int 
  dividend        2   10[COMMON] unsigned int 
 Auto vars:     Size  Location     Type
  __lwmod         1   13[COMMON] unsigned char 
 Return value:  Size  Location     Type
                  2    8[COMMON] unsigned int 
 Registers used:
		wreg, status,2, status,0
 Tracked objects:
		On entry : 
		On exit  : 
		Unchanged: 
 Data sizes:     COMMON   BANK0   BANK1   BANK3   BANK2
      Params:         4       0       0       0       0
      Locals:         1       0       0       0       0
      Temps:          1       0       0       0       0
      Totals:         6       0       0       0       0
Total ram usage:        6 bytes
 Hardware stack levels used:    1
 This function calls:
		Nothing
 This function is called by:
		i1_sprintf
 This function uses a non-reentrant model


 *************** function i1___lwdiv *****************
 Defined at:
		line 5 in file "C:\Program Files (x86)\Microchip\xc8\v2.10\pic\sources\c90\common\lwdiv.c"
 Parameters:    Size  Location     Type
  divisor         2    0[COMMON] unsigned int 
  dividend        2    2[COMMON] unsigned int 
 Auto vars:     Size  Location     Type
  __lwdiv         2    5[COMMON] unsigned int 
  __lwdiv         1    7[COMMON] unsigned char 
 Return value:  Size  Location     Type
                  2    0[COMMON] unsigned int 
 Registers used:
		wreg, status,2, status,0
 Tracked objects:
		On entry : 
		On exit  : 
		Unchanged: 
 Data sizes:     COMMON   BANK0   BANK1   BANK3   BANK2
      Params:         4       0       0       0       0
      Locals:         3       0       0       0       0
      Temps:          1       0       0       0       0
      Totals:         8       0       0       0       0
Total ram usage:        8 bytes
 Hardware stack levels used:    1
 This function calls:
		Nothing
 This function is called by:
		i1_sprintf
 This function uses a non-reentrant model


 *************** function i1_UART_Write_Text *****************
 Defined at:
		line 42 in file "UART.c"
 Parameters:    Size  Location     Type
  text            2    1[COMMON] PTR unsigned char 
		 -> UART_Write_Decimal@string(10), STR_19(2), STR_18(19), STR_17(2), 
		 -> STR_16(2), STR_15(17), STR_14(2), STR_13(2), 
		 -> STR_12(17), read_from_EPPROM@data(10), STR_11(2), STR_10(11), 
		 -> STR_9(2), STR_8(12), STR_7(18), STR_6(16), 
		 -> STR_5(12), STR_4(2), STR_3(25), read_from_MR@output(8), 
		 -> STR_2(2), json(80), 
 Auto vars:     Size  Location     Type
  UART_Write_T    2    6[COMMON] int 
 Return value:  Size  Location     Type
                  1    wreg      void 
 Registers used:
		wreg, fsr0l, fsr0h, status,2, status,0, btemp+1, pclath, cstack
 Tracked objects:
		On entry : 
		On exit  : 
		Unchanged: 
 Data sizes:     COMMON   BANK0   BANK1   BANK3   BANK2
      Params:         2       0       0       0       0
      Locals:         2       0       0       0       0
      Temps:          3       0       0       0       0
      Totals:         7       0       0       0       0
Total ram usage:        7 bytes
 Hardware stack levels used:    1
 Hardware stack levels required when called:    1
 This function calls:
		i1_UART_Write
 This function is called by:
		_Interrupt_Time
		i1_print_json
 This function uses a non-reentrant model


 *************** function i1_UART_Write *****************
 Defined at:
		line 32 in file "UART.c"
 Parameters:    Size  Location     Type
  data            1    wreg     unsigned char 
 Auto vars:     Size  Location     Type
  data            1    0[COMMON] unsigned char 
 Return value:  Size  Location     Type
                  1    wreg      void 
 Registers used:
		wreg
 Tracked objects:
		On entry : 
		On exit  : 
		Unchanged: 
 Data sizes:     COMMON   BANK0   BANK1   BANK3   BANK2
      Params:         0       0       0       0       0
      Locals:         1       0       0       0       0
      Temps:          0       0       0       0       0
      Totals:         1       0       0       0       0
Total ram usage:        1 bytes
 Hardware stack levels used:    1
 This function calls:
		Nothing
 This function is called by:
		i1_UART_Write_Text
 This function uses a non-reentrant model


 *************** function i1___wmul *****************
 Defined at:
		line 15 in file "C:\Program Files (x86)\Microchip\xc8\v2.10\pic\sources\c90\common\Umul16.c"
 Parameters:    Size  Location     Type
  multiplier      2    9[COMMON] unsigned int 
  multiplicand    2   11[COMMON] unsigned int 
 Auto vars:     Size  Location     Type
  __wmul          2    0[BANK0 ] unsigned int 
 Return value:  Size  Location     Type
                  2    9[COMMON] unsigned int 
 Registers used:
		wreg, status,2, status,0
 Tracked objects:
		On entry : 
		On exit  : 
		Unchanged: 
 Data sizes:     COMMON   BANK0   BANK1   BANK3   BANK2
      Params:         4       0       0       0       0
      Locals:         0       2       0       0       0
      Temps:          0       0       0       0       0
      Totals:         4       2       0       0       0
Total ram usage:        6 bytes
 Hardware stack levels used:    1
 This function calls:
		Nothing
 This function is called by:
		_Interrupt_Time
 This function uses a non-reentrant model


 *************** function ___awdiv *****************
 Defined at:
		line 5 in file "C:\Program Files (x86)\Microchip\xc8\v2.10\pic\sources\c90\common\awdiv.c"
 Parameters:    Size  Location     Type
  divisor         2    0[COMMON] int 
  dividend        2    2[COMMON] int 
 Auto vars:     Size  Location     Type
  quotient        2    7[COMMON] int 
  sign            1    6[COMMON] unsigned char 
  counter         1    5[COMMON] unsigned char 
 Return value:  Size  Location     Type
                  2    0[COMMON] int 
 Registers used:
		wreg, status,2, status,0
 Tracked objects:
		On entry : 
		On exit  : 
		Unchanged: 
 Data sizes:     COMMON   BANK0   BANK1   BANK3   BANK2
      Params:         4       0       0       0       0
      Locals:         4       0       0       0       0
      Temps:          1       0       0       0       0
      Totals:         9       0       0       0       0
Total ram usage:        9 bytes
 Hardware stack levels used:    1
 This function calls:
		Nothing
 This function is called by:
		_Interrupt_Time
 This function uses a non-reentrant model



MODULE INFORMATION

Module		Function		Class		Link	Load	Size
UART.c
		_UART_Read     		CODE           	1BD5	0000	9
		_UART_Data_Ready		CODE           	1BCF	0000	7
		_UART_Init     		CODE           	1715	0000	236
		_UART_Write_Decimal		CODE           	1C95	0000	32
		_UART_Write_Text		CODE           	10FD	0000	101
		_UART_Read_Text		CODE           	1D8F	0000	54
		_UART_Write    		CODE           	1C23	0000	15

UART.c estimated size: 454

C:\Program Files (x86)\Microchip\xc8\v2.10\pic\sources\c90\common\lwdiv.c
		___lwdiv       		CODE           	109E	0000	96

C:\Program Files (x86)\Microchip\xc8\v2.10\pic\sources\c90\common\lwdiv.c estimated size: 96

C:\Program Files (x86)\Microchip\xc8\v2.10\pic\sources\c90\common\awdiv.c
		___awdiv       		CODE           	1161	0000	104

C:\Program Files (x86)\Microchip\xc8\v2.10\pic\sources\c90\common\awdiv.c estimated size: 104

C:\Program Files (x86)\Microchip\xc8\v2.10\pic\sources\c90\common\fltol.c
		___fltol       		CODE           	12B5	0000	125

C:\Program Files (x86)\Microchip\xc8\v2.10\pic\sources\c90\common\fltol.c estimated size: 125

C:\Program Files (x86)\Microchip\xc8\v2.10\pic\sources\c90\common\Umul16.c
		___wmul        		CODE           	1DFB	0000	56

C:\Program Files (x86)\Microchip\xc8\v2.10\pic\sources\c90\common\Umul16.c estimated size: 56

I2C.c
		_I2C_init      		CODE           	1F61	0000	80
		_I2C_Write     		CODE           	1C00	0000	11
		_I2C_End       		CODE           	1BF7	0000	10
		_I2C_Read      		CODE           	1CB4	0000	38
		_I2C_Hold      		CODE           	1C16	0000	14
		_I2C_Begin     		CODE           	1BEE	0000	10

I2C.c estimated size: 163

C:\Program Files (x86)\Microchip\xc8\v2.10\pic\sources\c90\common\aldiv.c
		___aldiv       		CODE           	14D0	0000	178

C:\Program Files (x86)\Microchip\xc8\v2.10\pic\sources\c90\common\aldiv.c estimated size: 178

C:\Program Files (x86)\Microchip\xc8\v2.10\pic\sources\c90\common\sprcmul.c
		___flmul       		CODE           	0051	0000	1412

C:\Program Files (x86)\Microchip\xc8\v2.10\pic\sources\c90\common\sprcmul.c estimated size: 1412

C:\Program Files (x86)\Microchip\xc8\v2.10\pic\sources\c90\common\Umul8_16.c
		__Umul8_16     		CODE           	1DC4	0000	56

C:\Program Files (x86)\Microchip\xc8\v2.10\pic\sources\c90\common\Umul8_16.c estimated size: 56

C:\Program Files (x86)\Microchip\xc8\v2.10\pic\sources\c90\common\__lldiv.c
		___lldiv       		CODE           	123D	0000	121

C:\Program Files (x86)\Microchip\xc8\v2.10\pic\sources\c90\common\__lldiv.c estimated size: 121

C:\Program Files (x86)\Microchip\xc8\v2.10\pic\sources\c90\common\sprcdiv.c
		___fldiv       		CODE           	05D4	0000	478

C:\Program Files (x86)\Microchip\xc8\v2.10\pic\sources\c90\common\sprcdiv.c estimated size: 478

C:\Program Files (x86)\Microchip\xc8\v2.10\pic\sources\c90\common\Umul32.c
		___lmul        		CODE           	1FB0	0000	81

C:\Program Files (x86)\Microchip\xc8\v2.10\pic\sources\c90\common\Umul32.c estimated size: 81

C:\Program Files (x86)\Microchip\xc8\v2.10\pic\sources\c90\common\xxtofl.c
		___xxtofl      		CODE           	1581	0000	189

C:\Program Files (x86)\Microchip\xc8\v2.10\pic\sources\c90\common\xxtofl.c estimated size: 189

shared
		i1_print_json  		CODE           	1D29	0000	51
		__stringtab    		STRING         	0800	0000	17
		i1___lwdiv     		CODE           	1004	0000	69
		_dpowers       		STRING         	0810	0000	11
		i1_UART_Write  		CODE           	1C0A	0000	13
		i1___wmul      		CODE           	1CFE	0000	44
		i1___lwmod     		CODE           	1E6B	0000	59
		__initialization		CODE           	0015	0000	57
		i1_sprintf     		CODE           	0951	0000	246
		i1_UART_Write_Text		CODE           	1F1F	0000	67
		teclado@linha  		STRING         	081A	0000	5

shared estimated size: 639

C:\Program Files (x86)\Microchip\xc8\v2.10\pic\sources\c90\common\strlen.c
		_strlen        		CODE           	1CD9	0000	38

C:\Program Files (x86)\Microchip\xc8\v2.10\pic\sources\c90\common\strlen.c estimated size: 38

ADC.c
		_ADC_Read      		CODE           	1D5B	0000	53
		_ADC_Init      		CODE           	1BE5	0000	10

ADC.c estimated size: 63

C:\Program Files (x86)\Microchip\xc8\v2.10\pic\sources\c90\common\lwmod.c
		___lwmod       		CODE           	1EA5	0000	61

C:\Program Files (x86)\Microchip\xc8\v2.10\pic\sources\c90\common\lwmod.c estimated size: 61

C:\Program Files (x86)\Microchip\xc8\v2.10\pic\sources\c90\common\doprnt.c
		_sprintf       		CODE           	0A46	0000	264

C:\Program Files (x86)\Microchip\xc8\v2.10\pic\sources\c90\common\doprnt.c estimated size: 264

main.c
		_PWM_Duty      		CODE           	163D	0000	217
		_read_from_MR  		CODE           	0B4D	0000	279
		_alarm         		CODE           	1E32	0000	58
		_PWM_Initialize		CODE           	07B1	0000	80
		_move_the_fan  		CODE           	1C5B	0000	29
		_print_json    		CODE           	1048	0000	87
		_main          		CODE           	0D81	0000	640
		_teclado       		CODE           	0C63	0000	287
		_Interrupt_Time		CODE           	142F	0000	162
		_write_to_EPPROM		CODE           	1331	0000	126
		_get_humidade  		CODE           	1C44	0000	24
		_get_temperatura		CODE           	11C8	0000	118
		_Aquisicao_Dados		CODE           	1EE1	0000	63
		_read_from_EPPROM		CODE           	0901	0000	81
		_alarm_check   		CODE           	13AE	0000	130

main.c estimated size: 2381

